// Jest Snapshot v1, https://goo.gl/fbAQLP

exports[`renders event odds component correctly 1`] = `
<div
  class="h-full bg-goku flex items-center justify-center text-white   font-semibold w-full rounded cursor-pointer"
  data-testid="event-odd"
  style="opacity: 0; transform: none;"
>
  12.00
</div>
`;
